// Jest Snapshot v1, https://goo.gl/fbAQLP

exports[`domain PlayersResponse contract keeps the current TUFF JSON field names 1`] = `
{
  "meta": {
    "fetchedAt": "2026-08-25T00:00:00.000Z",
    "league": {
      "name": "Toronto United Flag Football",
      "shortName": "TUFF",
      "slug": "tuff",
      "sport": "flag-football",
    },
    "season": "2026",
    "seasonLabel": "2026 Season",
    "source": "sportspress",
    "standings": [
      {
        "losses": 4,
        "name": "Wildcats",
        "netPoints": 37,
        "pct": 0.6,
        "pointsAgainst": 188,
        "pointsFor": 225,
        "pos": 4,
        "standingsPoints": 44,
        "streak": "W1",
        "ties": 0,
        "wins": 6,
      },
    ],
    "teamLogos": {
      "Wildcats": "https://example.test/wildcats.png",
    },
    "teams": [
      "Wildcats",
    ],
    "total": 1,
  },
  "players": [
    {
      "derived": {
        "receivingTouchdownsPerGame": 0.5,
        "receptionsPerGame": 2,
        "totalPoints": 34,
        "totalTouchdowns": 4,
      },
      "id": "dave-s-7588",
      "name": "Dave S.",
      "profileUrl": undefined,
      "sourceId": "7588",
      "stats": {
        "ab": 0,
        "bb": 0,
        "comp": 0,
        "deflag": 0,
        "doubles": 0,
        "gms": 8,
        "goals": 0,
        "h": 0,
        "hr": 0,
        "int": 0,
        "pa1PT": 0,
        "pa2PT": 0,
        "paTD": 0,
        "r": 0,
        "rbi": 0,
        "re1PT": 0,
        "re2PT": 0,
        "rec": 16,
        "recTD": 4,
        "redCards": 0,
        "ret2PT": 0,
        "retTD": 0,
        "ru1PT": 0,
        "ru2PT": 0,
        "ruTD": 0,
        "sack": 0,
        "safety": 0,
        "sb": 0,
        "so": 0,
        "tpnqb": 24,
        "tpqb": 10,
        "triples": 0,
        "yellowCards": 0,
      },
      "team": "Wildcats",
    },
  ],
}
`;
